<article class="pokemon" id="1"><figure class="pokemon-img"><img src="images/test1.png" alt="test1" title="test1" /></figure><header><h2>Test1</h2><div class="pokemon-types"><div class="type type1">Type1</div><div class="type type2">Type2</div></div></header><table class="stats"><tbody><tr><th>Weight</th><td>69</td></tr><tr><th>Base XP</th><td>64</td></tr><tr><th>HP</th><td>45</td></tr><tr><th>Attack</th><td>49</td></tr><tr><th>Defense</th><td>49</td></tr><tr><th>Speed</th><td>45</td></tr></tbody></table></article><article class="pokemon" id="2"><figure class="pokemon-img"><img src="images/test2.png" alt="test2" title="test2" /></figure><header><h2>Test2</h2><div class="pokemon-types"><div class="type type3">Type3</div><div class="type type1">Type1</div></div></header><table class="stats"><tbody><tr><th>Weight</th><td>61</td></tr><tr><th>Base XP</th><td>61</td></tr><tr><th>HP</th><td>41</td></tr><tr><th>Attack</th><td>41</td></tr><tr><th>Defense</th><td>41</td></tr><tr><th>Speed</th><td>41</td></tr></tbody></table></article>