<html><head><title>Pokemon</title><link rel="stylesheet" href="styles.css"></head><body><div class="page-wrapper"><nav class="sidebar"><ul><li class="sidebar-all"><a href="all.html">all</a></li><li class="sidebar-type1"><a href="type1.html">type1</a></li><li class="sidebar-type2"><a href="type2.html">type2</a></li></ul></nav><main class="main-content"><article class="pokemon" id="1"><figure class="pokemon-img"><img src="images/test1.png" alt="test1" title="test1" /></figure><header><h2>test1</h2><div class="pokemon-types"><div class="type type1">type1</div><div class="type type2">type2</div></div></header><table class="stats"><tbody><tr><th>Weight</th><td>69</td></tr><tr><th>Base XP</th><td>64</td></tr><tr><th>HP</th><td>45</td></tr><tr><th>Attack</th><td>49</td></tr><tr><th>Defense</th><td>49</td></tr><tr><th>Speed</th><td>45</td></tr></tbody></table></article></main></div></body></html>