<li class="sidebar-grass"><a href="grass.html">grass</a></li>