<div class="type type1">Type1</div><div class="type type2">Type2</div><div class="type type3">Type3</div>